export const snapshot = {};

snapshot[`Like Terraform > should render with a manual factory 1`] = `
"// Some useful comment
'Hello';
"
`;

snapshot[`Like Terraform > should render with am existing file 1`] = `
"/**
 * Some useful trivia
 */
console.log('Hello');

console.log('There')

console.log('Hi')
// Some useful comment
'Hello';
"
`;
