export const snapshot = {};

snapshot[`Generate Instructions > ADD > FunctionDeclaration > should handle a basic function declaration 1`] = `
[
  {
    definition: [
      {
        kind: "FunctionDeclaration",
        parameters: [
        ],
      },
    ],
    field: "statements",
    path: "",
    type: "ADD",
  },
]
`;
