export const snapshot = {};

snapshot[`Instructions > UNSET Instruction > should define an UNSET instruction if the field is a node and a rule evaluates to an UNSET instruction 1`] = `
[
  {
    field: "type",
    path: "statements[0]",
    type: "UNSET",
  },
]
`;

snapshot[`Instructions > UNSET Instruction > should not define an UNSET instruction if the field is a node and the rule does not evaluate to an instruction 1`] = `
[
]
`;
