export const snapshot = {};

snapshot[`Instructions > Generate UNSET Instruction > should generate an UNSET Instruction if the field is a node and a rule evaluates to an UNSET Instruction 1`] = `
[
  {
    field: "type",
    path: "statements[0]",
    type: "UNSET",
  },
]
`;

snapshot[`Instructions > Generate UNSET Instruction > should not generate an UNSET Instruction if the field is a node and the rule does not evaluate to an instruction 1`] = `
[
]
`;

snapshot[`Instructions > Process UNSET Instruction > should process an UNSET Instruction if the field is a node, the field node exists and no instructions are specified on the field definition 1`] = `
"
export function hello() { }
"
`;
